[2026-08-25 18:48:25] [INFO   ] [actualizacion_ventas] ======================================================================
[2026-08-25 18:48:25] [INFO   ] [actualizacion_ventas] INICIO: actualizacion_ventas
[2026-08-25 18:48:25] [INFO   ] [actualizacion_ventas] ======================================================================
[2026-08-25 18:48:25] [INFO   ] [actualizacion_ventas] ============================================================
[2026-08-25 18:48:25] [INFO   ] [actualizacion_ventas] == Inicio actualizacion $2026 VENTAS ==
[2026-08-25 18:48:25] [INFO   ] [actualizacion_ventas] ============================================================
[2026-08-25 18:48:25] [INFO   ] [actualizacion_ventas] Periodo detectado: mes=8 ano=2026  (2026-08-01 -> 2026-08-31)
[2026-08-25 18:48:25] [INFO   ] [actualizacion_ventas] BUSCANDO ARCHIVO DE VENTAS (PLANTILLA)
[2026-08-25 18:48:25] [INFO   ] [actualizacion_ventas] Buscando archivo: '$2026 VENTAS.xlsx' -> normalizado '2026 ventas' en D:\Fertrac\Usuarios\infocompras\ARCHIVOS DIARIOS 2026
[2026-08-25 18:48:25] [INFO   ] [actualizacion_ventas] Archivo seleccionado: $$2026 VENTAS.xlsx
[2026-08-25 18:48:25] [INFO   ] [actualizacion_ventas] BUSCANDO OTROS ARCHIVOS
[2026-08-25 18:48:25] [INFO   ] [actualizacion_ventas] Buscando archivo: '$2026 INVENTARIO GENERAL.xlsx' -> normalizado '2026 inventario general' en D:\Fertrac\Usuarios\infocompras\ARCHIVOS DIARIOS 2026
[2026-08-25 18:48:25] [INFO   ] [actualizacion_ventas] Archivo seleccionado: $2026 INVENTARIO GENERAL.xlsx
[2026-08-25 18:48:25] [INFO   ] [actualizacion_ventas] Buscando archivos con prefijo: '2026 inventario myr existencia'
[2026-08-25 18:48:25] [INFO   ] [actualizacion_ventas]   Encontrados 5 candidatos:
[2026-08-25 18:48:25] [INFO   ] [actualizacion_ventas]      - $2026 INVENTARIO MYR EXISTENCIA 20 AGOSTO.xlsx
[2026-08-25 18:48:25] [INFO   ] [actualizacion_ventas]      - $2026 INVENTARIO MYR EXISTENCIA 21 AGOSTO.xlsx
[2026-08-25 18:48:25] [INFO   ] [actualizacion_ventas]      - $2026 INVENTARIO MYR EXISTENCIA 22 AGOSTO.xlsx
[2026-08-25 18:48:25] [INFO   ] [actualizacion_ventas]      - $2026 INVENTARIO MYR EXISTENCIA 24 AGOSTO.xlsx
[2026-08-25 18:48:25] [INFO   ] [actualizacion_ventas]      - $2026 INVENTARIO MYR EXISTENCIA 25 AGOSTO.xlsx
[2026-08-25 18:48:25] [INFO   ] [actualizacion_ventas] Archivo con fecha de HOY encontrado: $2026 INVENTARIO MYR EXISTENCIA 25 AGOSTO.xlsx
[2026-08-25 18:48:25] [INFO   ] [actualizacion_ventas] BUSCANDO INFORME DE VENTAS (FACTURAS)
[2026-08-25 18:48:25] [INFO   ] [actualizacion_ventas] Encontrado archivo de HOY: InformesDeVentas(Facturas)_268_20260825.xlsx
[2026-08-25 18:48:25] [INFO   ] [actualizacion_ventas] Archivos encontrados:
[2026-08-25 18:48:25] [INFO   ] [actualizacion_ventas]   VENTAS: $$2026 VENTAS.xlsx
[2026-08-25 18:48:25] [INFO   ] [actualizacion_ventas]   INVENTARIO: $2026 INVENTARIO GENERAL.xlsx
[2026-08-25 18:48:25] [INFO   ] [actualizacion_ventas]   MYR: $2026 INVENTARIO MYR EXISTENCIA 25 AGOSTO.xlsx
[2026-08-25 18:48:25] [INFO   ] [actualizacion_ventas]   INFORME: InformesDeVentas(Facturas)_268_20260825.xlsx
[2026-08-25 18:48:25] [INFO   ] [actualizacion_ventas]   MATRIZ: MATRIZ COMPLETA DE CLIENTES.xlsx
[2026-08-25 18:48:25] [INFO   ] [actualizacion_ventas] Paso 1: Abriendo $2026 VENTAS y normalizando columnas...
[2026-08-25 18:48:51] [INFO   ] [actualizacion_ventas] Usando hoja: VENTAS 2026
[2026-08-25 18:48:51] [INFO   ] [actualizacion_ventas]   6 columnas normalizadas:
[2026-08-25 18:48:51] [INFO   ] [actualizacion_ventas] Archivo temporal creado: tmp_template_full_ym5zzyh0.xlsx
[2026-08-25 18:48:51] [INFO   ] [actualizacion_ventas] Paso 1.5: Modo ANO COMPLETO — se reemplazaran TODOS los datos
[2026-08-25 18:48:51] [INFO   ] [actualizacion_ventas]   Total registros en plantilla anterior: 132151
[2026-08-25 18:48:51] [INFO   ] [actualizacion_ventas] Creando backup automatico del archivo anterior...
[2026-08-25 18:48:51] [INFO   ] [actualizacion_ventas] Backup creado: $2026 VENTAS_BACKUP_2026-08-25_0000.xlsx
[2026-08-25 18:48:51] [INFO   ] [actualizacion_ventas] PROCESANDO INFORME DE VENTAS (NUEVO — ANO COMPLETO)
[2026-08-25 18:48:52] [INFO   ] [actualizacion_ventas] FILTRO PREFIJO: 596 registros eliminados (NC/NCDTO)
[2026-08-25 18:48:52] [INFO   ] [actualizacion_ventas] APLICANDO LOGICA CONDICIONAL DE FECHAS
[2026-08-25 18:48:52] [INFO   ] [actualizacion_ventas] Convertida 'Fecha documento origen' a datetime
[2026-08-25 18:48:52] [INFO   ] [actualizacion_ventas] Convertida 'Fecha' a datetime
[2026-08-25 18:48:52] [INFO   ] [actualizacion_ventas] Columna 'Prefijo' preservada: 13287 valores
[2026-08-25 18:48:52] [INFO   ] [actualizacion_ventas] RESUMEN DE FECHAS:
[2026-08-25 18:48:52] [INFO   ] [actualizacion_ventas]   Total registros: 13287
[2026-08-25 18:48:52] [INFO   ] [actualizacion_ventas]   Usando 'Fecha documento origen' (FE + PV): 11728 (88.3%)
[2026-08-25 18:48:52] [INFO   ] [actualizacion_ventas]   Usando 'Fecha' (resto): 1559 (11.7%)
[2026-08-25 18:48:52] [INFO   ] [actualizacion_ventas] Referencias validas despues de limpieza: 13287
[2026-08-25 18:48:52] [INFO   ] [actualizacion_ventas] RENAME FINAL (para merge): 'Fecha documento origen' -> 'FECHA'  Valores: 13287/13287
[2026-08-25 18:48:52] [INFO   ] [actualizacion_ventas]   16 columnas normalizadas en informe
[2026-08-25 18:48:52] [INFO   ] [actualizacion_ventas] Calculando MES, MES NO., ANO nuevo...
[2026-08-25 18:48:52] [INFO   ] [actualizacion_ventas]   MES NO. calculado: 13287/13287 registros
[2026-08-25 18:48:52] [INFO   ] [actualizacion_ventas]   Meses presentes en informe: [np.int32(8)]
[2026-08-25 18:48:52] [INFO   ] [actualizacion_ventas]   Registros ano completo en informe: 13287
[2026-08-25 18:48:52] [INFO   ] [actualizacion_ventas] Aplicando mapeos semanticos...
[2026-08-25 18:48:52] [INFO   ] [actualizacion_ventas]   Mapeando 9 columnas
[2026-08-25 18:48:52] [INFO   ] [actualizacion_ventas] Validando columnas criticas en nuevo...
[2026-08-25 18:48:52] [INFO   ] [actualizacion_ventas]   REFERENCIA: 13287/13287 (100.0%)
[2026-08-25 18:48:52] [INFO   ] [actualizacion_ventas]   NIT CLIENTE: 13287/13287 (100.0%)
[2026-08-25 18:48:52] [INFO   ] [actualizacion_ventas]   DV: 13287/13287 (100.0%)
[2026-08-25 18:48:52] [INFO   ] [actualizacion_ventas]   CLIENTE: 13287/13287 (100.0%)
[2026-08-25 18:48:52] [INFO   ] [actualizacion_ventas]   CIUDAD: 13287/13287 (100.0%)
[2026-08-25 18:48:52] [INFO   ] [actualizacion_ventas]   VEND: 13287/13287 (100.0%)
[2026-08-25 18:48:52] [INFO   ] [actualizacion_ventas]   CANTIDAD: 13287/13287 (100.0%)
[2026-08-25 18:48:52] [INFO   ] [actualizacion_ventas] Paso 3: Aplicando limpiezas...
[2026-08-25 18:48:52] [INFO   ] [actualizacion_ventas] Paso 4: Integrando LINEA/SUBLINEA...
[2026-08-25 18:48:55] [INFO   ] [actualizacion_ventas] Normalizando referencias en INVENTARIO...
[2026-08-25 18:48:55] [INFO   ] [actualizacion_ventas]   Ejemplos: ['108925-82AM', 'KISX430938900S/6462543', '2S-DP/Q995582/Q995617', 'K3220/3002466', '994346']
[2026-08-25 18:48:55] [INFO   ] [actualizacion_ventas] Normalizando referencias en VENTAS...
[2026-08-25 18:48:55] [INFO   ] [actualizacion_ventas]   Ejemplos: ['6PK1625', 'A6137/A8952', 'X8872593/NUP 213 ECNRJ/C3VE228SKF', 'VAD306.10.0010', '8883043']
[2026-08-25 18:48:55] [INFO   ] [actualizacion_ventas] Haciendo merge por REFERENCIA normalizada...
[2026-08-25 18:48:55] [INFO   ] [actualizacion_ventas] LINEA: 13286/13287 registros (100.0%)
[2026-08-25 18:48:55] [INFO   ] [actualizacion_ventas] SUBLINEA: 13286/13287 registros (100.0%)
[2026-08-25 18:48:55] [INFO   ] [actualizacion_ventas] LIDER LINEA: 13286/13287 registros (100.0%)
[2026-08-25 18:48:55] [INFO   ] [actualizacion_ventas] Paso 5: Integrando COSTO FACTOR HOY...
[2026-08-25 18:49:04] [INFO   ] [actualizacion_ventas] Haciendo merge por REFERENCIA (MYR)...
[2026-08-25 18:49:04] [INFO   ] [actualizacion_ventas] Paso 6: Integrando DCTO CONDICIONADO...
[2026-08-25 18:49:04] [INFO   ] [actualizacion_ventas]   Leyendo MATRIZ desde: D:\Fertrac\Usuarios\infocompras\ARCHIVOS DIARIOS 2026\MATRIZ COMPLETA DE CLIENTES.xlsx
[2026-08-25 18:49:06] [INFO   ] [actualizacion_ventas]   36 columnas normalizadas en Matriz
[2026-08-25 18:49:06] [INFO   ] [actualizacion_ventas]   Registros totales en matriz: 2146
[2026-08-25 18:49:06] [INFO   ] [actualizacion_ventas] APLICANDO LOGICA DE DESCUENTOS:
[2026-08-25 18:49:06] [INFO   ] [actualizacion_ventas]   Registros iniciales: 2146
[2026-08-25 18:49:06] [INFO   ] [actualizacion_ventas]   Filtro TIPO DESCUENTO='CONDICIONADO': 2146 -> 476 registros
[2026-08-25 18:49:06] [INFO   ] [actualizacion_ventas]   Registros finales: 476
[2026-08-25 18:49:06] [INFO   ] [actualizacion_ventas]   Clientes unicos: 452
[2026-08-25 18:49:06] [INFO   ] [actualizacion_ventas]   Columna 'DCTO CONDICIONADO' integrada
[2026-08-25 18:49:06] [INFO   ] [actualizacion_ventas] Paso 7: Limpieza final...
[2026-08-25 18:49:06] [INFO   ] [actualizacion_ventas] Eliminados 1 registros con referencias invalidas
[2026-08-25 18:49:06] [INFO   ] [actualizacion_ventas] normalizar_dctos: 364 registros corregidos (VR DESCUENTO != 0)
[2026-08-25 18:49:06] [INFO   ] [actualizacion_ventas] PASO 7.5: VTA ACORDADA X UNIDAD LICITADO (SOLO 08. AGOSTO)
[2026-08-25 18:49:06] [INFO   ] [actualizacion_ventas]   Cargando hoja 'PRECIO UNIT LICITADOS' desde plantilla...
[2026-08-25 18:49:06] [INFO   ] [actualizacion_ventas]   Hoja cargada: 992 filas
[2026-08-25 18:49:06] [INFO   ] [actualizacion_ventas]   Columna referencia: 'REFERENCIA FERTRAC'
[2026-08-25 18:49:07] [INFO   ] [actualizacion_ventas]   6 NITs encontrados en headers
[2026-08-25 18:49:07] [INFO   ] [actualizacion_ventas]   Tabla de busqueda creada: 957 referencias con precios
[2026-08-25 18:49:07] [INFO   ] [actualizacion_ventas] Calculando VTA ACORDADA vectorizado (13286 filas)...
[2026-08-25 18:49:07] [INFO   ] [actualizacion_ventas]   Encontrados: 788 (5.9%)
[2026-08-25 18:49:07] [INFO   ] [actualizacion_ventas]   No encontrados: 12498 (94.1%)
[2026-08-25 18:49:07] [INFO   ] [actualizacion_ventas] Columna 'VTA ACORDADA X UNIDAD LICITADO' agregada
[2026-08-25 18:49:07] [INFO   ] [actualizacion_ventas] ALINEANDO COLUMNAS DEL ANO COMPLETO CON PLANTILLA
[2026-08-25 18:49:07] [INFO   ] [actualizacion_ventas]   Ano completo (procesado): 13286 registros
[2026-08-25 18:49:07] [INFO   ] [actualizacion_ventas]   Columnas finales: 29
[2026-08-25 18:49:07] [INFO   ] [actualizacion_ventas]   Desglose por mes:
[2026-08-25 18:49:07] [INFO   ] [actualizacion_ventas]     Mes 8: 13286 registros
[2026-08-25 18:49:07] [INFO   ] [actualizacion_ventas] Paso 9: Ordenando...
[2026-08-25 18:49:07] [INFO   ] [actualizacion_ventas]   Carpeta destino: D:\Fertrac\Usuarios\infocompras\ARCHIVOS DIARIOS 2026\Pruebas
[2026-08-25 18:49:07] [INFO   ] [actualizacion_ventas]   Archivo de salida: $2026 VENTAS_2026-08-25.xlsx
[2026-08-25 18:49:07] [INFO   ] [actualizacion_ventas] Paso 10: Escribiendo en plantilla...
[2026-08-25 18:49:08] [INFO   ] [actualizacion_ventas] Abriendo plantilla: tmp_template_full_ym5zzyh0.xlsx
[2026-08-25 18:49:32] [INFO   ] [actualizacion_ventas] Preparando escritura: 13286 filas desde fila 3
[2026-08-25 18:49:32] [INFO   ] [actualizacion_ventas] Aplicando formato TEXTO a columna REFERENCIA...
[2026-08-25 18:49:32] [INFO   ] [actualizacion_ventas] Identificando columnas de datos vs formulas...
[2026-08-25 18:49:32] [INFO   ] [actualizacion_ventas] Columnas de DATOS a escribir: 21
[2026-08-25 18:49:32] [INFO   ] [actualizacion_ventas] Columna FECHA: se escribira aparte como fecha real
[2026-08-25 18:49:32] [INFO   ] [actualizacion_ventas] Agrupando columnas contiguas para escritura batch...
[2026-08-25 18:49:32] [INFO   ] [actualizacion_ventas] 4 grupos de columnas contiguas identificados
[2026-08-25 18:49:32] [INFO   ] [actualizacion_ventas] Escribiendo 13286 filas usando vectorizacion numpy...
[2026-08-25 18:49:32] [INFO   ] [actualizacion_ventas]   Grupo 1/4: 3 columnas escritas
[2026-08-25 18:49:33] [INFO   ] [actualizacion_ventas]   Grupo 2/4: 16 columnas escritas
[2026-08-25 18:49:34] [INFO   ] [actualizacion_ventas]   Grupo 3/4: 1 columnas escritas
[2026-08-25 18:49:34] [INFO   ] [actualizacion_ventas]   Grupo 4/4: 1 columnas escritas
[2026-08-25 18:49:34] [INFO   ] [actualizacion_ventas] 21 columnas escritas en 4 operaciones batch
[2026-08-25 18:49:34] [INFO   ] [actualizacion_ventas] Aplicando formato FECHA como fecha real (VECTORIZADO)...
[2026-08-25 18:49:34] [INFO   ] [actualizacion_ventas]   Fechas validas: 13286, nulas: 0
[2026-08-25 18:49:34] [INFO   ] [actualizacion_ventas] FECHA escrita como fecha real
[2026-08-25 18:49:34] [INFO   ] [actualizacion_ventas] Rellenando formulas EN BATCH...
[2026-08-25 18:49:34] [INFO   ] [actualizacion_ventas]   Aplicando 17 formulas...
[2026-08-25 18:49:35] [INFO   ] [actualizacion_ventas]   17 formulas aplicadas
[2026-08-25 18:49:35] [INFO   ] [actualizacion_ventas] Escribiendo fecha actual en P1...
[2026-08-25 18:49:35] [INFO   ] [actualizacion_ventas] Fecha actual escrita en P1: 2026-08-25
[2026-08-25 18:49:35] [INFO   ] [actualizacion_ventas] Recalculo forzado tras escribir fecha en P1
[2026-08-25 18:49:35] [INFO   ] [actualizacion_ventas] Actualizando hoja 'Metas Sub Inf 2026'...
[2026-08-25 18:49:35] [INFO   ] [actualizacion_ventas] Dias habiles calculados: 17.0
[2026-08-25 18:49:35] [INFO   ] [actualizacion_ventas] Columna 9 (VTA FEB): mes pasado -> 22.0
[2026-08-25 18:49:35] [INFO   ] [actualizacion_ventas] Columna 10 (VRA MAR): mes pasado -> 23.0
[2026-08-25 18:49:35] [INFO   ] [actualizacion_ventas] Columna 11 (VTA ABR): mes pasado -> 22.0
[2026-08-25 18:49:35] [INFO   ] [actualizacion_ventas] Columna 12 (VTA MAY): mes pasado -> 21.5
[2026-08-25 18:49:35] [INFO   ] [actualizacion_ventas] Columna 13 (VTA JUN): mes pasado -> 21.0
[2026-08-25 18:49:35] [INFO   ] [actualizacion_ventas] Columna 14 (VTA JUL): mes pasado -> 23.0
[2026-08-25 18:49:35] [INFO   ] [actualizacion_ventas] Columna 15 (VTA AGO): mes actual -> 17.0
[2026-08-25 18:49:35] [INFO   ] [actualizacion_ventas] 'Metas Sub Inf 2026' actualizada: 7 columnas modificadas
[2026-08-25 18:49:35] [INFO   ] [actualizacion_ventas] Actualizando hoja 'Resumen Meta 2026'...
[2026-08-25 18:49:35] [INFO   ] [actualizacion_ventas] Fila 2 (mes 1): mes pasado -> 22.5
[2026-08-25 18:49:35] [INFO   ] [actualizacion_ventas] Fila 3 (mes 2): mes pasado -> 22.0
[2026-08-25 18:49:35] [INFO   ] [actualizacion_ventas] Fila 4 (mes 3): mes pasado -> 23.0
[2026-08-25 18:49:35] [INFO   ] [actualizacion_ventas] Fila 5 (mes 4): mes pasado -> 22.0
[2026-08-25 18:49:35] [INFO   ] [actualizacion_ventas] Fila 6 (mes 5): mes pasado -> 21.5
[2026-08-25 18:49:35] [INFO   ] [actualizacion_ventas] Fila 7 (mes 6): mes pasado -> 21.0
[2026-08-25 18:49:35] [INFO   ] [actualizacion_ventas] Fila 8 (mes 7): mes pasado -> 23.0
[2026-08-25 18:49:35] [INFO   ] [actualizacion_ventas] Fila 9 (mes 8): mes actual -> 17.0
[2026-08-25 18:49:35] [INFO   ] [actualizacion_ventas] 'Resumen Meta 2026' actualizada: 12 filas modificadas
[2026-08-25 18:49:35] [INFO   ] [actualizacion_ventas] Copiando formato de primera fila...
[2026-08-25 18:49:36] [INFO   ] [actualizacion_ventas] Formato copiado a 13285 filas
[2026-08-25 18:49:36] [WARNING] [actualizacion_ventas] Limpiando 118865 filas extra...
[2026-08-25 18:49:37] [INFO   ] [actualizacion_ventas] Filas extras eliminadas
[2026-08-25 18:49:37] [INFO   ] [actualizacion_ventas] Calculando subtotales...
[2026-08-25 18:49:38] [INFO   ] [actualizacion_ventas] Forzando calculo completo de Excel...
[2026-08-25 18:49:40] [INFO   ] [actualizacion_ventas] Calculo completado
[2026-08-25 18:49:40] [INFO   ] [actualizacion_ventas] APLICANDO REGLA DE CONFLICTO (POST-CALCULO)
[2026-08-25 18:49:40] [INFO   ] [actualizacion_ventas] Registros de 8/2026: 13286
[2026-08-25 18:49:40] [INFO   ] [actualizacion_ventas] Conflictos detectados (DCTO!=0 y PIE!=0): 0
[2026-08-25 18:49:40] [INFO   ] [actualizacion_ventas] Festivos para August 2026: 2
[2026-08-25 18:49:40] [INFO   ] [actualizacion_ventas]   07/08/2026 - Batalla de Boyacá
[2026-08-25 18:49:40] [INFO   ] [actualizacion_ventas]   17/08/2026 - Asunción
[2026-08-25 18:49:41] [INFO   ] [actualizacion_ventas] PERIODO MES texto actualizado: 01/08/2026 - 31/08/2026
[2026-08-25 18:49:41] [INFO   ] [actualizacion_ventas] Fechas inicio/fin escritas correctamente
[2026-08-25 18:49:41] [INFO   ] [actualizacion_ventas] Festivo [1] escrito: Batalla de Boyacá (2026-08-07)
[2026-08-25 18:49:41] [INFO   ] [actualizacion_ventas] Festivo [2] escrito: Asunción (2026-08-17)
[2026-08-25 18:49:41] [INFO   ] [actualizacion_ventas] Aplicando formato NUMERO a columna C...
[2026-08-25 18:49:41] [INFO   ] [actualizacion_ventas] Formato numero aplicado a columna C
[2026-08-25 18:49:41] [INFO   ] [actualizacion_ventas] Convirtiendo texto a numero en columna C...
[2026-08-25 18:49:41] [INFO   ] [actualizacion_ventas] Rango a convertir: C3:C13288
[2026-08-25 18:49:42] [INFO   ] [actualizacion_ventas] Conversion aplicada exitosamente
[2026-08-25 18:49:42] [INFO   ] [actualizacion_ventas] Propagando formulas 'MARGEN NETO' en columnas AE y AL...
[2026-08-25 18:49:42] [INFO   ] [actualizacion_ventas] AutoFill completado para AE (MARGEN NETO con AC)
[2026-08-25 18:49:42] [INFO   ] [actualizacion_ventas] Formulas propagadas exitosamente en AE y AL
[2026-08-25 18:49:42] [INFO   ] [actualizacion_ventas] Eliminando vinculos externos...
[2026-08-25 18:49:42] [INFO   ] [actualizacion_ventas] Ocultando columnas de margen en 'Resum Mes'...
[2026-08-25 18:49:43] [INFO   ] [actualizacion_ventas] Ocultada: col 6 ('PPROMEDIO MARGEN BRUTO')
[2026-08-25 18:49:43] [INFO   ] [actualizacion_ventas] Convirtiendo tablas a rango normal...
[2026-08-25 18:49:43] [INFO   ] [actualizacion_ventas] No se encontraron tablas para convertir
[2026-08-25 18:49:43] [INFO   ] [actualizacion_ventas] Guardando archivo con contrasena...
[2026-08-25 18:49:46] [INFO   ] [actualizacion_ventas] Archivo guardado: $2026 VENTAS_2026-08-25.xlsx
[2026-08-25 18:49:49] [INFO   ] [actualizacion_ventas] ACTUALIZACION COMPLETADA
[2026-08-25 18:49:49] [INFO   ] [actualizacion_ventas] Archivo: $2026 VENTAS_2026-08-25.xlsx
[2026-08-25 18:49:49] [INFO   ] [actualizacion_ventas] Total: 13286 registros
[2026-08-25 18:49:49] [INFO   ] [actualizacion_ventas] Log adjuntado: actualizacion_ventas.log
[2026-08-25 18:49:50] [ERROR  ] [actualizacion_ventas] Error enviando email: (535, b'5.7.8 Username and Password not accepted. For more information, go to\n5.7.8  https://support.google.com/mail/?p=BadCredentials ada2fe7eead31-782b335f8d7sm400936137.4 - gsmtp')
[2026-08-25 18:49:50] [INFO   ] [actualizacion_ventas] VERIFICACION FINAL (en memoria):
[2026-08-25 18:49:50] [INFO   ] [actualizacion_ventas]   Mes 8: 13286 registros, 2602 referencias unicas
[2026-08-25 18:49:50] [INFO   ] [actualizacion_ventas] Archivo temporal eliminado: tmp_template_full_ym5zzyh0.xlsx
[2026-08-25 18:49:50] [INFO   ] [actualizacion_ventas] Fin
[2026-08-25 18:49:50] [INFO   ] [actualizacion_ventas] PROCESO ADICIONAL: Actualizacion de Tabla Dinamica
[2026-08-25 18:49:50] [INFO   ] [actualizacion_ventas] ACTUALIZANDO TODAS LAS TABLAS DINAMICAS
[2026-08-25 18:49:50] [INFO   ] [actualizacion_ventas] Abriendo archivo: $2026 VENTAS_2026-08-25.xlsx
[2026-08-25 18:49:56] [INFO   ] [actualizacion_ventas] Archivo abierto con Metodo 1
[2026-08-25 18:49:56] [INFO   ] [actualizacion_ventas] Detectando hoja de datos y rango...
[2026-08-25 18:49:56] [INFO   ] [actualizacion_ventas] Hoja de datos: 'VENTAS 2026'
[2026-08-25 18:49:56] [INFO   ] [actualizacion_ventas] Detectando ultima fila con datos...
[2026-08-25 18:49:56] [INFO   ] [actualizacion_ventas] Rango detectado: 'VENTAS 2026'!$A$2:$AM$132153
[2026-08-25 18:49:56] [INFO   ] [actualizacion_ventas] Hoja 'ULT VTA X REF ': 1 tabla(s) dinamica(s)
[2026-08-25 18:49:56] [INFO   ] [actualizacion_ventas]   [1/1] Actualizando 'TablaDinámica2'...
[2026-08-25 18:49:57] [INFO   ] [actualizacion_ventas]     Rango actualizado
[2026-08-25 18:49:58] [INFO   ] [actualizacion_ventas]     Refrescada
[2026-08-25 18:49:58] [WARNING] [actualizacion_ventas]     No se pudo reagrupar 'FECHA': <unknown>.Group
[2026-08-25 18:49:58] [INFO   ] [actualizacion_ventas] Hoja 'CLIENTE UNICO': 1 tabla(s) dinamica(s)
[2026-08-25 18:49:58] [INFO   ] [actualizacion_ventas]   [1/1] Actualizando 'TablaDinámica4'...
[2026-08-25 18:49:58] [WARNING] [actualizacion_ventas]     Error verificando rango: (-2147352567, 'Ocurrió una excepción.', (0, None, None, None, 0, -2146827284), None)
[2026-08-25 18:49:58] [ERROR  ] [actualizacion_ventas]     Error: (-2147352567, 'Ocurrió una excepción.', (0, 'Microsoft Excel', 'Error en el método RefreshTable de la clase PivotTable.', 'xlmain11.chm', 0, -2146827284), None)
[2026-08-25 18:49:58] [INFO   ] [actualizacion_ventas] Hoja 'VENTA PROMEDIO COSTO X MES': 1 tabla(s) dinamica(s)
[2026-08-25 18:49:58] [INFO   ] [actualizacion_ventas]   [1/1] Actualizando 'Tabla dinámica1'...
[2026-08-25 18:49:58] [INFO   ] [actualizacion_ventas]     Rango actualizado
[2026-08-25 18:49:59] [INFO   ] [actualizacion_ventas]     Refrescada
[2026-08-25 18:49:59] [WARNING] [actualizacion_ventas]     No se pudo reagrupar 'FECHA': <unknown>.Group
[2026-08-25 18:49:59] [INFO   ] [actualizacion_ventas] Hoja 'RECORD DE VENT ASESOR LINEA': 1 tabla(s) dinamica(s)
[2026-08-25 18:49:59] [INFO   ] [actualizacion_ventas]   [1/1] Actualizando 'TablaDinámica2'...
[2026-08-25 18:50:00] [INFO   ] [actualizacion_ventas]     Rango actualizado
[2026-08-25 18:50:00] [INFO   ] [actualizacion_ventas]     Refrescada
[2026-08-25 18:50:00] [WARNING] [actualizacion_ventas]     No se pudo reagrupar 'FECHA': <unknown>.Group
[2026-08-25 18:50:00] [INFO   ] [actualizacion_ventas] Hoja 'VTA MES VLR X CLIENTE': 1 tabla(s) dinamica(s)
[2026-08-25 18:50:00] [INFO   ] [actualizacion_ventas]   [1/1] Actualizando 'Tabla dinámica3'...
[2026-08-25 18:50:01] [INFO   ] [actualizacion_ventas]     Rango actualizado
[2026-08-25 18:50:02] [INFO   ] [actualizacion_ventas]     Refrescada
[2026-08-25 18:50:02] [WARNING] [actualizacion_ventas]     No se pudo reagrupar 'FECHA': <unknown>.Group
[2026-08-25 18:50:02] [INFO   ] [actualizacion_ventas] Hoja 'VTA MES CANT': 1 tabla(s) dinamica(s)
[2026-08-25 18:50:02] [INFO   ] [actualizacion_ventas]   [1/1] Actualizando 'Tabla dinámica1'...
[2026-08-25 18:50:02] [INFO   ] [actualizacion_ventas]     Rango actualizado
[2026-08-25 18:50:03] [INFO   ] [actualizacion_ventas]     Refrescada
[2026-08-25 18:50:03] [WARNING] [actualizacion_ventas]     No se pudo reagrupar 'FECHA': <unknown>.Group
[2026-08-25 18:50:03] [INFO   ] [actualizacion_ventas] Hoja 'VTA MES VLR X REF': 1 tabla(s) dinamica(s)
[2026-08-25 18:50:03] [INFO   ] [actualizacion_ventas]   [1/1] Actualizando 'TablaDinámica6'...
[2026-08-25 18:50:04] [INFO   ] [actualizacion_ventas]     Rango actualizado
[2026-08-25 18:50:04] [INFO   ] [actualizacion_ventas]     Refrescada
[2026-08-25 18:50:04] [WARNING] [actualizacion_ventas]     No se pudo reagrupar 'FECHA': <unknown>.Group
[2026-08-25 18:50:04] [INFO   ] [actualizacion_ventas] Hoja 'VENTA MES X SEMANA': 1 tabla(s) dinamica(s)
[2026-08-25 18:50:04] [INFO   ] [actualizacion_ventas]   [1/1] Actualizando 'TablaDinámica1'...
[2026-08-25 18:50:05] [INFO   ] [actualizacion_ventas]     Rango actualizado
[2026-08-25 18:50:05] [INFO   ] [actualizacion_ventas]     Refrescada
[2026-08-25 18:50:05] [WARNING] [actualizacion_ventas]     No se pudo reagrupar 'FECHA': <unknown>.Group
[2026-08-25 18:50:06] [INFO   ] [actualizacion_ventas] Hoja 'Resumen Dia': 1 tabla(s) dinamica(s)
[2026-08-25 18:50:06] [INFO   ] [actualizacion_ventas]   [1/1] Actualizando 'Tabla dinámica1'...
[2026-08-25 18:50:06] [INFO   ] [actualizacion_ventas]     Rango actualizado
[2026-08-25 18:50:07] [INFO   ] [actualizacion_ventas]     Refrescada
[2026-08-25 18:50:07] [WARNING] [actualizacion_ventas]     No se pudo reagrupar 'FECHA': <unknown>.Group
[2026-08-25 18:50:07] [INFO   ] [actualizacion_ventas] Hoja 'Resum Sub-linea': 1 tabla(s) dinamica(s)
[2026-08-25 18:50:07] [INFO   ] [actualizacion_ventas]   [1/1] Actualizando 'TablaDinámica7'...
[2026-08-25 18:50:08] [INFO   ] [actualizacion_ventas]     Rango actualizado
[2026-08-25 18:50:08] [INFO   ] [actualizacion_ventas]     Refrescada
[2026-08-25 18:50:08] [WARNING] [actualizacion_ventas]     No se pudo reagrupar 'FECHA': <unknown>.Group
[2026-08-25 18:50:08] [INFO   ] [actualizacion_ventas] Hoja 'Resum Mes': 1 tabla(s) dinamica(s)
[2026-08-25 18:50:08] [INFO   ] [actualizacion_ventas]   [1/1] Actualizando 'Tabla dinámica7'...
[2026-08-25 18:50:09] [INFO   ] [actualizacion_ventas]     Rango actualizado
[2026-08-25 18:50:10] [INFO   ] [actualizacion_ventas]     Refrescada
[2026-08-25 18:50:10] [WARNING] [actualizacion_ventas]     No se pudo reagrupar 'FECHA': <unknown>.Group
[2026-08-25 18:50:10] [INFO   ] [actualizacion_ventas] Hoja 'Resumen Meta x Sub Gen 2026': 1 tabla(s) dinamica(s)
[2026-08-25 18:50:10] [INFO   ] [actualizacion_ventas]   [1/1] Actualizando 'Tabla dinámica7'...
[2026-08-25 18:50:10] [INFO   ] [actualizacion_ventas]     Rango actualizado
[2026-08-25 18:50:11] [INFO   ] [actualizacion_ventas]     Refrescada
[2026-08-25 18:50:11] [WARNING] [actualizacion_ventas]     No se pudo reagrupar 'FECHA': <unknown>.Group
[2026-08-25 18:50:11] [INFO   ] [actualizacion_ventas] Hoja 'Resumen Meta x Sub MES y DIA': 1 tabla(s) dinamica(s)
[2026-08-25 18:50:11] [INFO   ] [actualizacion_ventas]   [1/1] Actualizando 'Tabla dinámica7'...
[2026-08-25 18:50:12] [INFO   ] [actualizacion_ventas]     Rango actualizado
[2026-08-25 18:50:13] [INFO   ] [actualizacion_ventas]     Refrescada
[2026-08-25 18:50:13] [WARNING] [actualizacion_ventas]     No se pudo reagrupar 'FECHA': <unknown>.Group
[2026-08-25 18:50:13] [INFO   ] [actualizacion_ventas] Hoja 'Resumen Mensual Vendedor': 1 tabla(s) dinamica(s)
[2026-08-25 18:50:13] [INFO   ] [actualizacion_ventas]   [1/1] Actualizando 'TablaDinámica9'...
[2026-08-25 18:50:13] [INFO   ] [actualizacion_ventas]     Rango actualizado
[2026-08-25 18:50:14] [INFO   ] [actualizacion_ventas]     Refrescada
[2026-08-25 18:50:14] [WARNING] [actualizacion_ventas]     No se pudo reagrupar 'FECHA': <unknown>.Group
[2026-08-25 18:50:14] [INFO   ] [actualizacion_ventas] Hoja 'Resum Acum Vendedor': 1 tabla(s) dinamica(s)
[2026-08-25 18:50:14] [INFO   ] [actualizacion_ventas]   [1/1] Actualizando 'TablaDinámica10'...
[2026-08-25 18:50:15] [INFO   ] [actualizacion_ventas]     Rango actualizado
[2026-08-25 18:50:16] [INFO   ] [actualizacion_ventas]     Refrescada
[2026-08-25 18:50:16] [WARNING] [actualizacion_ventas]     No se pudo reagrupar 'FECHA': <unknown>.Group
[2026-08-25 18:50:16] [INFO   ] [actualizacion_ventas] Recalculando workbook...
[2026-08-25 18:50:16] [INFO   ] [actualizacion_ventas] Guardando...
[2026-08-25 18:50:26] [INFO   ] [actualizacion_ventas] Guardado exitosamente
[2026-08-25 18:50:26] [INFO   ] [actualizacion_ventas] COMPLETADO: 14/15 tablas actualizadas
[2026-08-25 18:50:29] [INFO   ] [actualizacion_ventas] PROCESO COMPLETADO AL 100%%
[2026-08-25 18:50:29] [INFO   ] [actualizacion_ventas] Indicador eliminado exitosamente: PROCESANDO.txt
[2026-08-25 18:50:29] [INFO   ] [actualizacion_ventas] EXITO: Completado en 2m 4s
[2026-08-25 18:50:31] [ERROR  ] [actualizacion_ventas] Error enviando email: (535, b'5.7.8 Username and Password not accepted. For more information, go to\n5.7.8  https://support.google.com/mail/?p=BadCredentials 71dfb90a1353d-5c65ac4054esm176279e0c.17 - gsmtp')
[2026-08-25 18:50:31] [INFO   ] [actualizacion_ventas] FIN: actualizacion_ventas (125s total)
